[0m[1mdata.aws_caller_identity.current: Reading...[0m[0m
[0m[1mdata.aws_caller_identity.current: Read complete after 0s [id=621523688137][0m
[0m[1maws_iam_role.app_role: Refreshing state... [id=payment-api-vault-role][0m
[0m[1maws_iam_role_policy.app_policy: Refreshing state... [id=payment-api-vault-role:s3-access][0m

Terraform used the selected providers to generate the following execution
plan. Resource actions are indicated with the following symbols:
  [31m-[0m destroy[0m

Terraform will perform the following actions:

[1m  # aws_iam_role.app_role[0m will be [1m[31mdestroyed[0m
[0m  [31m-[0m[0m resource "aws_iam_role" "app_role" {
      [31m-[0m[0m arn                   = "arn:aws:iam::621523688137:role/payment-api-vault-role" [90m-> null[0m[0m
      [31m-[0m[0m assume_role_policy    = jsonencode(
            {
              [31m-[0m[0m Statement = [
                  [31m-[0m[0m {
                      [31m-[0m[0m Action    = "sts:AssumeRole"
                      [31m-[0m[0m Effect    = "Allow"
                      [31m-[0m[0m Principal = {
                          [31m-[0m[0m AWS = "arn:aws:iam::621523688137:user/kranthi"
                        }
                    },
                ]
              [31m-[0m[0m Version   = "2012-10-17"
            }
        ) [90m-> null[0m[0m
      [31m-[0m[0m create_date           = "2026-04-07T21:35:34Z" [90m-> null[0m[0m
      [31m-[0m[0m force_detach_policies = false [90m-> null[0m[0m
      [31m-[0m[0m id                    = "payment-api-vault-role" [90m-> null[0m[0m
      [31m-[0m[0m managed_policy_arns   = [] [90m-> null[0m[0m
      [31m-[0m[0m max_session_duration  = 3600 [90m-> null[0m[0m
      [31m-[0m[0m name                  = "payment-api-vault-role" [90m-> null[0m[0m
      [31m-[0m[0m path                  = "/" [90m-> null[0m[0m
      [31m-[0m[0m tags                  = {} [90m-> null[0m[0m
      [31m-[0m[0m tags_all              = {} [90m-> null[0m[0m
      [31m-[0m[0m unique_id             = "AROAZBNNS3LEW22MUA24Y" [90m-> null[0m[0m
        [90m# (3 unchanged attributes hidden)[0m[0m

      [31m-[0m[0m inline_policy {
          [31m-[0m[0m name   = "s3-access" [90m-> null[0m[0m
          [31m-[0m[0m policy = jsonencode(
                {
                  [31m-[0m[0m Statement = [
                      [31m-[0m[0m {
                          [31m-[0m[0m Action   = [
                              [31m-[0m[0m "s3:*",
                            ]
                          [31m-[0m[0m Effect   = "Allow"
                          [31m-[0m[0m Resource = "*"
                        },
                    ]
                  [31m-[0m[0m Version   = "2012-10-17"
                }
            ) [90m-> null[0m[0m
        }
    }

[1m  # aws_iam_role_policy.app_policy[0m will be [1m[31mdestroyed[0m
[0m  [31m-[0m[0m resource "aws_iam_role_policy" "app_policy" {
      [31m-[0m[0m id          = "payment-api-vault-role:s3-access" [90m-> null[0m[0m
      [31m-[0m[0m name        = "s3-access" [90m-> null[0m[0m
      [31m-[0m[0m policy      = jsonencode(
            {
              [31m-[0m[0m Statement = [
                  [31m-[0m[0m {
                      [31m-[0m[0m Action   = [
                          [31m-[0m[0m "s3:*",
                        ]
                      [31m-[0m[0m Effect   = "Allow"
                      [31m-[0m[0m Resource = "*"
                    },
                ]
              [31m-[0m[0m Version   = "2012-10-17"
            }
        ) [90m-> null[0m[0m
      [31m-[0m[0m role        = "payment-api-vault-role" [90m-> null[0m[0m
        [90m# (1 unchanged attribute hidden)[0m[0m
    }

[1mPlan:[0m 0 to add, 0 to change, 2 to destroy.
[0m
Changes to Outputs:
  [31m-[0m[0m role_arn = "arn:aws:iam::621523688137:role/payment-api-vault-role" [90m-> null[0m[0m
[0m[1maws_iam_role_policy.app_policy: Destroying... [id=payment-api-vault-role:s3-access][0m[0m
[0m[1maws_iam_role_policy.app_policy: Destruction complete after 0s[0m
[0m[1maws_iam_role.app_role: Destroying... [id=payment-api-vault-role][0m[0m
[0m[1maws_iam_role.app_role: Destruction complete after 0s[0m
[0m[1m[32m
Destroy complete! Resources: 2 destroyed.
[0m