[0m[1mmodule.vault_auth[0].vault_policy.custom["payment-api-admin"]: Refreshing state... [id=payment-api-admin][0m
[0m[1mmodule.vault_auth[0].vault_policy.tfc_base: Refreshing state... [id=payment-api-tfc-base][0m
[0m[1mmodule.vault_auth[0].vault_jwt_auth_backend.tfc[0]: Refreshing state... [id=jwt][0m
[0m[1mdata.tfe_organization.this: Reading...[0m[0m
[0m[1mmodule.workspace.tfe_project.this: Refreshing state... [id=prj-qoVeKGQdpG8ZjkUF][0m
[0m[1mmodule.workspace.tfe_workspace.this["dev"]: Refreshing state... [id=ws-zrAVrwTyXPRGPofH][0m
[0m[1mmodule.workspace.tfe_workspace.this["prod"]: Refreshing state... [id=ws-7YKZ41eSuycvicYV][0m
[0m[1mdata.tfe_organization.this: Read complete after 0s [id=org-x7YRmzXtkgUfZdPS][0m
[0m[1mmodule.workspace.tfe_variable.vault_namespace["prod"]: Refreshing state... [id=var-dRCdjMPAARq1e9Di][0m
[0m[1mmodule.workspace.tfe_variable.vault_auth_path["prod"]: Refreshing state... [id=var-AFVShsZhGaaxMtDT][0m
[0m[1mmodule.workspace.tfe_variable.vault_auth_path["dev"]: Refreshing state... [id=var-Sb9ef3JpZ6KNaNJU][0m
[0m[1mmodule.workspace.tfe_variable.vault_namespace["dev"]: Refreshing state... [id=var-y2ymC9tRM3gQ82uu][0m
[0m[1mmodule.workspace.tfe_variable.vault_provider_auth["dev"]: Refreshing state... [id=var-WbeWxuQtZVSFqmot][0m
[0m[1mmodule.workspace.tfe_variable.vault_addr["prod"]: Refreshing state... [id=var-PiCKE145kWVBbEzu][0m
[0m[1mmodule.workspace.tfe_variable.vault_provider_auth["prod"]: Refreshing state... [id=var-4XB2YCdBNw3buPkR][0m
[0m[1mmodule.workspace.tfe_variable.vault_run_role["dev"]: Refreshing state... [id=var-RRtQQWEXDTtGPJT2][0m
[0m[1mmodule.workspace.tfe_variable.vault_addr["dev"]: Refreshing state... [id=var-J8sLj6YcYgHPgu1X][0m
[0m[1mmodule.workspace.tfe_variable.vault_run_role["prod"]: Refreshing state... [id=var-7gPMousoKJQFaZzc][0m
[0m[1mmodule.vault_auth[0].vault_jwt_auth_backend_role.workspace["dev"]: Refreshing state... [id=auth/jwt/role/payment-api-tfc-dev][0m
[0m[1mmodule.vault_auth[0].vault_jwt_auth_backend_role.workspace["prod"]: Refreshing state... [id=auth/jwt/role/payment-api-tfc-prod][0m

Terraform used the selected providers to generate the following execution
plan. Resource actions are indicated with the following symbols:
  [33m~[0m update in-place[0m

Terraform will perform the following actions:

[1m  # module.vault_auth[0].vault_policy.custom["payment-api-admin"][0m will be updated in-place
[0m  [33m~[0m[0m resource "vault_policy" "custom" {
        id     = "payment-api-admin"
        name   = "payment-api-admin"
      [33m~[0m[0m policy = <<-EOT
            path "sys/mounts/*" {
              capabilities = ["create", "read", "update", "delete", "list", "sudo"]
            }
            path "sys/mounts" {
              capabilities = ["read", "list"]
            }
            path "aws/*" {
              capabilities = ["create", "read", "update", "delete", "list", "sudo"]
            }
          [32m+[0m[0m path "sys/policies/acl/*" {
          [32m+[0m[0m   capabilities = ["create", "read", "update", "delete", "list", "sudo"]
          [32m+[0m[0m }
        EOT
    }

[1mPlan:[0m 0 to add, 1 to change, 0 to destroy.
[0m[0m[1mmodule.vault_auth[0].vault_policy.custom["payment-api-admin"]: Modifying... [id=payment-api-admin][0m[0m
[0m[1mmodule.vault_auth[0].vault_policy.custom["payment-api-admin"]: Modifications complete after 0s [id=payment-api-admin][0m
[33m╷[0m[0m
[33m│[0m [0m[1m[33mWarning: [0m[0m[1mArgument is deprecated[0m
[33m│[0m [0m
[33m│[0m [0m[0m  with module.workspace.tfe_workspace.this,
[33m│[0m [0m  on standalone-repos/terraform-tfe-workspace/main.tf line 18, in resource "tfe_workspace" "this":
[33m│[0m [0m  18:   execution_mode                 = [4m"remote"[0m[0m
[33m│[0m [0m
[33m│[0m [0mUse resource tfe_workspace_settings to modify the workspace execution
[33m│[0m [0msettings. This attribute will be removed in a future release of the
[33m│[0m [0mprovider.
[33m│[0m [0m
[33m│[0m [0m(and 2 more similar warnings elsewhere)
[33m╵[0m[0m
[0m[1m[32m
Apply complete! Resources: 0 added, 1 changed, 0 destroyed.
[0m[0m[1m[32m
Outputs:

[0mplatform_type = "hcp"
project_id = "prj-qoVeKGQdpG8ZjkUF"
project_name = "landing-zone-test"
tfc_hostname = "app.terraform.io"
vault_jwt_auth_path = "jwt"
vault_namespace = ""
vault_policy_names = tolist([
  "payment-api-tfc-base",
  "payment-api-admin",
  "payment-api-admin",
])
vault_role_names = tomap({
  "dev" = "payment-api-tfc-dev"
  "prod" = "payment-api-tfc-prod"
})
vault_token_max_ttl = 2400
vault_token_ttl = 1200
workspace_ids = {
  "dev" = "ws-zrAVrwTyXPRGPofH"
  "prod" = "ws-7YKZ41eSuycvicYV"
}
workspace_names = {
  "dev" = "payment-api-dev"
  "prod" = "payment-api-prod"
}
