[0m[1mmodule.core_project.tfe_project.this[0]: Refreshing state... [id=prj-Jb48TudKwY64rVgH][0m

Terraform used the selected providers to generate the following execution
plan. Resource actions are indicated with the following symbols:
  [31m-[0m destroy[0m

Terraform will perform the following actions:

[1m  # module.core_project.tfe_project.this[0][0m will be [1m[31mdestroyed[0m
[0m  [31m-[0m[0m resource "tfe_project" "this" {
      [31m-[0m[0m id           = "prj-Jb48TudKwY64rVgH" [90m-> null[0m[0m
      [31m-[0m[0m name         = "landing-zone-test" [90m-> null[0m[0m
      [31m-[0m[0m organization = "hashicorp-kranthi" [90m-> null[0m[0m
      [31m-[0m[0m tags         = {} [90m-> null[0m[0m
        [90m# (1 unchanged attribute hidden)[0m[0m
    }

[1mPlan:[0m 0 to add, 0 to change, 1 to destroy.
[0m[0m[1mmodule.core_project.tfe_project.this[0]: Destroying... [id=prj-Jb48TudKwY64rVgH][0m[0m
[0m[1mmodule.core_project.tfe_project.this[0]: Destruction complete after 0s[0m
[33m╷[0m[0m
[33m│[0m [0m[1m[33mWarning: [0m[0m[1mValue for undeclared variable[0m
[33m│[0m [0m
[33m│[0m [0m[0mThe root module does not declare a variable named "application_name" but a
[33m│[0m [0mvalue was found in file "terraform.tfvars". If you meant to use this value,
[33m│[0m [0madd a "variable" block to the configuration.
[33m│[0m [0m
[33m│[0m [0mTo silence these warnings, use TF_VAR_... environment variables to provide
[33m│[0m [0mcertain "global" settings to all configurations in your organization. To
[33m│[0m [0mreduce the verbosity of these warnings, use the -compact-warnings option.
[33m╵[0m[0m
[33m╷[0m[0m
[33m│[0m [0m[1m[33mWarning: [0m[0m[1mValue for undeclared variable[0m
[33m│[0m [0m
[33m│[0m [0m[0mThe root module does not declare a variable named "environments" but a
[33m│[0m [0mvalue was found in file "terraform.tfvars". If you meant to use this value,
[33m│[0m [0madd a "variable" block to the configuration.
[33m│[0m [0m
[33m│[0m [0mTo silence these warnings, use TF_VAR_... environment variables to provide
[33m│[0m [0mcertain "global" settings to all configurations in your organization. To
[33m│[0m [0mreduce the verbosity of these warnings, use the -compact-warnings option.
[33m╵[0m[0m
[33m╷[0m[0m
[33m│[0m [0m[1m[33mWarning: [0m[0m[1mValues for undeclared variables[0m
[33m│[0m [0m
[33m│[0m [0m[0mIn addition to the other similar warnings shown, 6 other variable(s)
[33m│[0m [0mdefined without being declared.
[33m╵[0m[0m
[33m╷[0m[0m
[33m│[0m [0m[1m[33mWarning: [0m[0m[1mArgument is deprecated[0m
[33m│[0m [0m
[33m│[0m [0m[0m  with module.core_project.tfe_workspace.this,
[33m│[0m [0m  on ../standalone-repos/terraform-tfe-workspace/main.tf line 28, in resource "tfe_workspace" "this":
[33m│[0m [0m  28:   execution_mode                 = [4m"remote"[0m[0m
[33m│[0m [0m
[33m│[0m [0mUse resource tfe_workspace_settings to modify the workspace execution
[33m│[0m [0msettings. This attribute will be removed in a future release of the
[33m│[0m [0mprovider.
[33m╵[0m[0m
[0m[1m[32m
Destroy complete! Resources: 1 destroyed.
[0m
