[0m[33mRunning apply in HCP Terraform. Output will stream here. Pressing Ctrl-C
will cancel the remote apply if it's still pending. If the apply started it
will stop streaming the logs, but will not stop the apply running remotely.[0m

Preparing the remote apply...
[0m
[0m[33mTo view this run in a browser, visit:[0m
[0m[33mhttps://app.terraform.io/app/hashicorp-kranthi/payment-api-dev/runs/run-5cNAEDvpEwyqpdeg[0m
[0m
Waiting for the plan to start...

Terraform v1.14.7
on linux_amd64
Initializing plugins and modules...
[33m╷[0m[0m
[33m│[0m [0m[1m[33mWarning: [0m[0m[1mValue for undeclared variable[0m
[33m│[0m [0m
[33m│[0m [0m[0mThe root module does not declare a variable named "template_repo" but a
[33m│[0m [0mvalue was found in file
[33m│[0m [0m"/home/tfc-agent/.tfc-agent/component/terraform/runs/run-5cNAEDvpEwyqpdeg/terraform.tfvars".
[33m│[0m [0mIf you meant to use this value, add a "variable" block to the
[33m│[0m [0mconfiguration.
[33m│[0m [0m
[33m│[0m [0mTo silence these warnings, use TF_VAR_... environment variables to provide
[33m│[0m [0mcertain "global" settings to all configurations in your organization. To
[33m│[0m [0mreduce the verbosity of these warnings, use the -compact-warnings option.
[33m╵[0m[0m
[33m╷[0m[0m
[33m│[0m [0m[1m[33mWarning: [0m[0m[1mValue for undeclared variable[0m
[33m│[0m [0m
[33m│[0m [0m[0mThe root module does not declare a variable named "destination_org" but a
[33m│[0m [0mvalue was found in file
[33m│[0m [0m"/home/tfc-agent/.tfc-agent/component/terraform/runs/run-5cNAEDvpEwyqpdeg/terraform.tfvars".
[33m│[0m [0mIf you meant to use this value, add a "variable" block to the
[33m│[0m [0mconfiguration.
[33m│[0m [0m
[33m│[0m [0mTo silence these warnings, use TF_VAR_... environment variables to provide
[33m│[0m [0mcertain "global" settings to all configurations in your organization. To
[33m│[0m [0mreduce the verbosity of these warnings, use the -compact-warnings option.
[33m╵[0m[0m
[33m╷[0m[0m
[33m│[0m [0m[1m[33mWarning: [0m[0m[1mValues for undeclared variables[0m
[33m│[0m [0m
[33m│[0m [0m[0mIn addition to the other similar warnings shown, 3 other variable(s)
[33m│[0m [0mdefined without being declared.
[33m╵[0m[0m

[0m[1m[32mNo changes.[0m[1m No objects need to be destroyed.[0m

[0mEither you have not created any objects yet or the existing objects were
already deleted outside of Terraform.

------------------------------------------------------------------------

[1mCost Estimation:
[0m
Resources: 0 of 0 estimated
           $0.0/mo +$0.0
