[0m[33mRunning apply in HCP Terraform. Output will stream here. Pressing Ctrl-C
will cancel the remote apply if it's still pending. If the apply started it
will stop streaming the logs, but will not stop the apply running remotely.[0m

Preparing the remote apply...
[0m
[0m[33mTo view this run in a browser, visit:[0m
[0m[33mhttps://app.terraform.io/app/hashicorp-kranthi/payment-api-dev/runs/run-f7hKVzXTZTBwy8fV[0m
[0m
Waiting for the plan to start...

Terraform v1.14.7
on linux_amd64
Initializing plugins and modules...
[1mmodule.vault_aws_auth.vault_aws_secret_backend.aws: Refreshing state... [id=aws][0m[0m
[1mmodule.vault_aws_auth.vault_aws_secret_backend_role.assumed_roles["app-admin"]: Refreshing state... [id=aws/roles/app-admin][0m[0m
[1mmodule.vault_aws_auth.vault_aws_secret_backend.aws: Drift detected (update)[0m[0m
[1mmodule.vault_aws_auth.vault_aws_secret_backend_role.assumed_roles["app-admin"]: Drift detected (update)[0m[0m
[33m╷[0m[0m
[33m│[0m [0m[1m[33mWarning: [0m[0m[1mValue for undeclared variable[0m
[33m│[0m [0m
[33m│[0m [0m[0mThe root module does not declare a variable named "slack_hook_url" but a
[33m│[0m [0mvalue was found in file
[33m│[0m [0m"/home/tfc-agent/.tfc-agent/component/terraform/runs/run-f7hKVzXTZTBwy8fV/terraform.tfvars".
[33m│[0m [0mIf you meant to use this value, add a "variable" block to the
[33m│[0m [0mconfiguration.
[33m│[0m [0m
[33m│[0m [0mTo silence these warnings, use TF_VAR_... environment variables to provide
[33m│[0m [0mcertain "global" settings to all configurations in your organization. To
[33m│[0m [0mreduce the verbosity of these warnings, use the -compact-warnings option.
[33m╵[0m[0m
[33m╷[0m[0m
[33m│[0m [0m[1m[33mWarning: [0m[0m[1mValue for undeclared variable[0m
[33m│[0m [0m
[33m│[0m [0m[0mThe root module does not declare a variable named "template_repo" but a
[33m│[0m [0mvalue was found in file
[33m│[0m [0m"/home/tfc-agent/.tfc-agent/component/terraform/runs/run-f7hKVzXTZTBwy8fV/terraform.tfvars".
[33m│[0m [0mIf you meant to use this value, add a "variable" block to the
[33m│[0m [0mconfiguration.
[33m│[0m [0m
[33m│[0m [0mTo silence these warnings, use TF_VAR_... environment variables to provide
[33m│[0m [0mcertain "global" settings to all configurations in your organization. To
[33m│[0m [0mreduce the verbosity of these warnings, use the -compact-warnings option.
[33m╵[0m[0m
[33m╷[0m[0m
[33m│[0m [0m[1m[33mWarning: [0m[0m[1mValues for undeclared variables[0m
[33m│[0m [0m
[33m│[0m [0m[0mIn addition to the other similar warnings shown, 3 other variable(s)
[33m│[0m [0mdefined without being declared.
[33m╵[0m[0m

Terraform used the selected providers to generate the following execution
plan. Resource actions are indicated with the following symbols:
  [32m+[0m create[0m
 [36m<=[0m read (data resources)[0m

Terraform will perform the following actions:

[1m  # data.vault_aws_access_credentials.creds[0m will be read during apply
[0m [36m<=[0m[0m data "vault_aws_access_credentials" "creds" {
      [32m+[0m[0m access_key       = (sensitive value)
      [32m+[0m[0m backend          = "aws"
      [32m+[0m[0m id               = (known after apply)
      [32m+[0m[0m lease_duration   = (known after apply)
      [32m+[0m[0m lease_id         = (known after apply)
      [32m+[0m[0m lease_renewable  = (known after apply)
      [32m+[0m[0m lease_start_time = (known after apply)
      [32m+[0m[0m role             = "app-admin"
      [32m+[0m[0m secret_key       = (sensitive value)
      [32m+[0m[0m security_token   = (sensitive value)
      [32m+[0m[0m type             = "sts"
    }

[1m  # aws_s3_bucket.app_storage[0m will be created
[0m  [32m+[0m[0m resource "aws_s3_bucket" "app_storage" {
      [32m+[0m[0m acceleration_status         = (known after apply)
      [32m+[0m[0m acl                         = (known after apply)
      [32m+[0m[0m arn                         = (known after apply)
      [32m+[0m[0m bucket                      = (known after apply)
      [32m+[0m[0m bucket_domain_name          = (known after apply)
      [32m+[0m[0m bucket_prefix               = "payment-api-data-"
      [32m+[0m[0m bucket_regional_domain_name = (known after apply)
      [32m+[0m[0m force_destroy               = false
      [32m+[0m[0m hosted_zone_id              = (known after apply)
      [32m+[0m[0m id                          = (known after apply)
      [32m+[0m[0m object_lock_enabled         = (known after apply)
      [32m+[0m[0m policy                      = (known after apply)
      [32m+[0m[0m region                      = (known after apply)
      [32m+[0m[0m request_payer               = (known after apply)
      [32m+[0m[0m tags                        = {
          [32m+[0m[0m "Environment" = "payment-api-dev"
          [32m+[0m[0m "ManagedBy"   = "Vault-OIDC-Injected-Terraform"
        }
      [32m+[0m[0m tags_all                    = {
          [32m+[0m[0m "Environment" = "payment-api-dev"
          [32m+[0m[0m "ManagedBy"   = "Vault-OIDC-Injected-Terraform"
        }
      [32m+[0m[0m website_domain              = (known after apply)
      [32m+[0m[0m website_endpoint            = (known after apply)

      [32m+[0m[0m cors_rule (known after apply)

      [32m+[0m[0m grant (known after apply)

      [32m+[0m[0m lifecycle_rule (known after apply)

      [32m+[0m[0m logging (known after apply)

      [32m+[0m[0m object_lock_configuration (known after apply)

      [32m+[0m[0m replication_configuration (known after apply)

      [32m+[0m[0m server_side_encryption_configuration (known after apply)

      [32m+[0m[0m versioning (known after apply)

      [32m+[0m[0m website (known after apply)
    }

[1m  # module.vault_aws_auth.vault_policy.tfc_aws_secrets_reader[0][0m will be created
[0m  [32m+[0m[0m resource "vault_policy" "tfc_aws_secrets_reader" {
      [32m+[0m[0m id     = (known after apply)
      [32m+[0m[0m name   = "payment-api-aws-secrets-reader"
      [32m+[0m[0m policy = <<-EOT
            # Allow reading creds
            
            path "aws/creds/app-admin" {
              capabilities = ["read"]
            }
                
            # For STS AssumeRole tokens
            path "aws/sts/app-admin" {
              capabilities = ["read"]
            }
        EOT
    }

[1mPlan:[0m 2 to add, 0 to change, 0 to destroy.
[0m
------------------------------------------------------------------------

[1mCost Estimation:
[0m
Resources: 0 of 3 estimated
           $0.0/mo +$0.0

------------------------------------------------------------------------

[1mmodule.vault_aws_auth.vault_policy.tfc_aws_secrets_reader[0]: Creating...[0m[0m
[1mmodule.vault_aws_auth.vault_policy.tfc_aws_secrets_reader[0]: Creation complete after 0s [id=payment-api-aws-secrets-reader][0m[0m
[1mdata.vault_aws_access_credentials.creds: Refreshing...[0m[0m
[1mdata.vault_aws_access_credentials.creds: Refresh complete after 1s [id=aws/sts/app-admin/VtKbc5a8Sit7tgG9W3lCTiMK.xBMJP][0m[0m
[1maws_s3_bucket.app_storage: Creating...[0m[0m
[1maws_s3_bucket.app_storage: Creation complete after 1s [id=payment-api-data-20260316015715042500000001][0m[0m
[33m╷[0m[0m
[33m│[0m [0m[1m[33mWarning: [0m[0m[1mValue for undeclared variable[0m
[33m│[0m [0m
[33m│[0m [0m[0mThe root module does not declare a variable named "gh_token" but a value
[33m│[0m [0mwas found in file
[33m│[0m [0m"/home/tfc-agent/.tfc-agent/component/terraform/runs/run-f7hKVzXTZTBwy8fV/terraform.tfvars".
[33m│[0m [0mIf you meant to use this value, add a "variable" block to the
[33m│[0m [0mconfiguration.
[33m│[0m [0m
[33m│[0m [0mTo silence these warnings, use TF_VAR_... environment variables to provide
[33m│[0m [0mcertain "global" settings to all configurations in your organization. To
[33m│[0m [0mreduce the verbosity of these warnings, use the -compact-warnings option.
[33m╵[0m[0m
[33m╷[0m[0m
[33m│[0m [0m[1m[33mWarning: [0m[0m[1mValue for undeclared variable[0m
[33m│[0m [0m
[33m│[0m [0m[0mThe root module does not declare a variable named "destination_org" but a
[33m│[0m [0mvalue was found in file
[33m│[0m [0m"/home/tfc-agent/.tfc-agent/component/terraform/runs/run-f7hKVzXTZTBwy8fV/terraform.tfvars".
[33m│[0m [0mIf you meant to use this value, add a "variable" block to the
[33m│[0m [0mconfiguration.
[33m│[0m [0m
[33m│[0m [0mTo silence these warnings, use TF_VAR_... environment variables to provide
[33m│[0m [0mcertain "global" settings to all configurations in your organization. To
[33m│[0m [0mreduce the verbosity of these warnings, use the -compact-warnings option.
[33m╵[0m[0m
[33m╷[0m[0m
[33m│[0m [0m[1m[33mWarning: [0m[0m[1mValues for undeclared variables[0m
[33m│[0m [0m
[33m│[0m [0m[0mIn addition to the other similar warnings shown, 3 other variable(s)
[33m│[0m [0mdefined without being declared.
[33m╵[0m[0m

[1m[32mApply complete! Resources: 2 added, 0 changed, 0 destroyed.[0m[0m

